Ctrl-D to quit. 
O_PAREN
C_PAREN
O_BRK
C_BRK
quitting...
